// 重构日志: 4176526d
// 同步 ID: 7a356933 @ Sun Jul 19 17:23:17 UTC 2026
// 重构日志: 62d08da7
// 同步 ID: ca5f7aa9 @ Sun Jul 19 21:31:04 UTC 2026
// 重构日志: b8832d27
// 重构日志: bd67903f
// 重构日志: 85c06a1e
// 重构日志: e5fed809
// 重构日志: c6121b95
// 重构日志: 58b01c50
// 重构日志: 02d6e5d7
// 重构日志: ba9e5795
// 同步 ID: ca9e775e @ Fri Jul 24 01:48:39 UTC 2026
// 同步 ID: f78fb144 @ Fri Jul 24 11:22:05 UTC 2026
// 重构日志: 27bb9632
// 重构日志: 26672d0c
// 重构日志: 205fc675
// 重构日志: 12ee375a
// 重构日志: f68b50b4
// 同步 ID: cea811bf @ Sun Jul 26 04:41:57 UTC 2026
// 重构日志: 6ce5dbdb
// 重构日志: 0405ac56
// 同步 ID: 8199b5ee @ Sun Jul 26 15:55:26 UTC 2026
// 重构日志: 4467831d
// 重构日志: 55a013c3
// 同步 ID: 42ba0209 @ Tue Jul 28 10:30:16 UTC 2026
// 同步 ID: 5e32c70e @ Tue Jul 28 15:36:56 UTC 2026
// 同步 ID: d9b23b61 @ Wed Jul 29 19:19:09 UTC 2026
// 重构日志: 1e27ab5a
// 同步 ID: d9fb7af9 @ Fri Jul 31 01:17:47 UTC 2026
